Failed to read input file: No such file or directory
